2025-07-07T23:03:56.794+05:30  INFO 16468 --- [News Aggregation Portal] [main] .n.NewsAggregationPortalApplicationTests : Starting NewsAggregationPortalApplicationTests using Java 21.0.3 with PID 16468 (started by sohan.lal in D:\Learn and Code\newsportal)
2025-07-07T23:03:56.795+05:30 DEBUG 16468 --- [News Aggregation Portal] [main] .n.NewsAggregationPortalApplicationTests : Running with Spring Boot v3.5.0, Spring v6.2.7
2025-07-07T23:03:56.796+05:30  INFO 16468 --- [News Aggregation Portal] [main] .n.NewsAggregationPortalApplicationTests : No active profile set, falling back to 1 default profile: "default"
2025-07-07T23:03:57.720+05:30  INFO 16468 --- [News Aggregation Portal] [main] .s.d.r.c.RepositoryConfigurationDelegate : Bootstrapping Spring Data JPA repositories in DEFAULT mode.
2025-07-07T23:03:57.879+05:30  INFO 16468 --- [News Aggregation Portal] [main] .s.d.r.c.RepositoryConfigurationDelegate : Finished Spring Data repository scanning in 149 ms. Found 13 JPA repository interfaces.
2025-07-07T23:03:58.466+05:30  INFO 16468 --- [News Aggregation Portal] [main] com.zaxxer.hikari.HikariDataSource       : HikariPool-1 - Starting...
2025-07-07T23:03:59.006+05:30  INFO 16468 --- [News Aggregation Portal] [main] com.zaxxer.hikari.pool.HikariPool        : HikariPool-1 - Added connection com.mysql.cj.jdbc.ConnectionImpl@6fe337a5
2025-07-07T23:03:59.008+05:30  INFO 16468 --- [News Aggregation Portal] [main] com.zaxxer.hikari.HikariDataSource       : HikariPool-1 - Start completed.
2025-07-07T23:03:59.061+05:30  INFO 16468 --- [News Aggregation Portal] [main] o.hibernate.jpa.internal.util.LogHelper  : HHH000204: Processing PersistenceUnitInfo [name: default]
2025-07-07T23:03:59.165+05:30  INFO 16468 --- [News Aggregation Portal] [main] org.hibernate.Version                    : HHH000412: Hibernate ORM core version 6.6.15.Final
2025-07-07T23:03:59.215+05:30  INFO 16468 --- [News Aggregation Portal] [main] o.h.c.internal.RegionFactoryInitiator    : HHH000026: Second-level cache disabled
2025-07-07T23:03:59.383+05:30  INFO 16468 --- [News Aggregation Portal] [main] o.s.o.j.p.SpringPersistenceUnitInfo      : No LoadTimeWeaver setup: ignoring JPA class transformer
2025-07-07T23:03:59.494+05:30  INFO 16468 --- [News Aggregation Portal] [main] org.hibernate.orm.connections.pooling    : HHH10001005: Database info:
	Database JDBC URL [Connecting through datasource 'HikariDataSource (HikariPool-1)']
	Database driver: undefined/unknown
	Database version: 8.0.39
	Autocommit mode: undefined/unknown
	Isolation level: undefined/unknown
	Minimum pool size: undefined/unknown
	Maximum pool size: undefined/unknown
2025-07-07T23:04:00.477+05:30  INFO 16468 --- [News Aggregation Portal] [main] o.h.e.t.j.p.i.JtaPlatformInitiator       : HHH000489: No JTA platform available (set 'hibernate.transaction.jta.platform' to enable JTA platform integration)
2025-07-07T23:04:00.479+05:30  INFO 16468 --- [News Aggregation Portal] [main] j.LocalContainerEntityManagerFactoryBean : Initialized JPA EntityManagerFactory for persistence unit 'default'
2025-07-07T23:04:00.893+05:30  INFO 16468 --- [News Aggregation Portal] [main] o.s.d.j.r.query.QueryEnhancerFactory     : Hibernate is in classpath; If applicable, HQL parser will be used.
2025-07-07T23:04:02.017+05:30  WARN 16468 --- [News Aggregation Portal] [main] JpaBaseConfiguration$JpaWebConfiguration : spring.jpa.open-in-view is enabled by default. Therefore, database queries may be performed during view rendering. Explicitly configure spring.jpa.open-in-view to disable this warning
2025-07-07T23:04:02.055+05:30  WARN 16468 --- [News Aggregation Portal] [main] .s.s.UserDetailsServiceAutoConfiguration : 

Using generated security password: 54b519cb-2316-4d61-a75d-414404bcc651

This generated password is for development use only. Your security configuration must be updated before running your application in production.

2025-07-07T23:04:02.067+05:30  INFO 16468 --- [News Aggregation Portal] [main] r$InitializeUserDetailsManagerConfigurer : Global AuthenticationManager configured with UserDetailsService bean with name inMemoryUserDetailsManager
2025-07-07T23:04:02.862+05:30  INFO 16468 --- [News Aggregation Portal] [main] .n.NewsAggregationPortalApplicationTests : Started NewsAggregationPortalApplicationTests in 6.433 seconds (process running for 9.611)
2025-07-07T23:04:03.197+05:30  INFO 16468 --- [News Aggregation Portal] [SpringApplicationShutdownHook] j.LocalContainerEntityManagerFactoryBean : Closing JPA EntityManagerFactory for persistence unit 'default'
2025-07-07T23:04:03.202+05:30  INFO 16468 --- [News Aggregation Portal] [SpringApplicationShutdownHook] com.zaxxer.hikari.HikariDataSource       : HikariPool-1 - Shutdown initiated...
2025-07-07T23:04:03.216+05:30  INFO 16468 --- [News Aggregation Portal] [SpringApplicationShutdownHook] com.zaxxer.hikari.HikariDataSource       : HikariPool-1 - Shutdown completed.
2025-07-07T23:07:20.676+05:30  INFO 22612 --- [News Aggregation Portal] [main] .n.NewsAggregationPortalApplicationTests : Starting NewsAggregationPortalApplicationTests using Java 21.0.3 with PID 22612 (started by sohan.lal in D:\Learn and Code\newsportal)
2025-07-07T23:07:20.677+05:30 DEBUG 22612 --- [News Aggregation Portal] [main] .n.NewsAggregationPortalApplicationTests : Running with Spring Boot v3.5.0, Spring v6.2.7
2025-07-07T23:07:20.678+05:30  INFO 22612 --- [News Aggregation Portal] [main] .n.NewsAggregationPortalApplicationTests : No active profile set, falling back to 1 default profile: "default"
2025-07-07T23:07:21.503+05:30  INFO 22612 --- [News Aggregation Portal] [main] .s.d.r.c.RepositoryConfigurationDelegate : Bootstrapping Spring Data JPA repositories in DEFAULT mode.
2025-07-07T23:07:21.654+05:30  INFO 22612 --- [News Aggregation Portal] [main] .s.d.r.c.RepositoryConfigurationDelegate : Finished Spring Data repository scanning in 136 ms. Found 13 JPA repository interfaces.
2025-07-07T23:07:22.188+05:30  INFO 22612 --- [News Aggregation Portal] [main] com.zaxxer.hikari.HikariDataSource       : HikariPool-1 - Starting...
2025-07-07T23:07:22.592+05:30  INFO 22612 --- [News Aggregation Portal] [main] com.zaxxer.hikari.pool.HikariPool        : HikariPool-1 - Added connection com.mysql.cj.jdbc.ConnectionImpl@22ed2886
2025-07-07T23:07:22.594+05:30  INFO 22612 --- [News Aggregation Portal] [main] com.zaxxer.hikari.HikariDataSource       : HikariPool-1 - Start completed.
2025-07-07T23:07:22.639+05:30  INFO 22612 --- [News Aggregation Portal] [main] o.hibernate.jpa.internal.util.LogHelper  : HHH000204: Processing PersistenceUnitInfo [name: default]
2025-07-07T23:07:22.693+05:30  INFO 22612 --- [News Aggregation Portal] [main] org.hibernate.Version                    : HHH000412: Hibernate ORM core version 6.6.15.Final
2025-07-07T23:07:22.740+05:30  INFO 22612 --- [News Aggregation Portal] [main] o.h.c.internal.RegionFactoryInitiator    : HHH000026: Second-level cache disabled
2025-07-07T23:07:22.873+05:30  INFO 22612 --- [News Aggregation Portal] [main] o.s.o.j.p.SpringPersistenceUnitInfo      : No LoadTimeWeaver setup: ignoring JPA class transformer
2025-07-07T23:07:22.967+05:30  INFO 22612 --- [News Aggregation Portal] [main] org.hibernate.orm.connections.pooling    : HHH10001005: Database info:
	Database JDBC URL [Connecting through datasource 'HikariDataSource (HikariPool-1)']
	Database driver: undefined/unknown
	Database version: 8.0.39
	Autocommit mode: undefined/unknown
	Isolation level: undefined/unknown
	Minimum pool size: undefined/unknown
	Maximum pool size: undefined/unknown
2025-07-07T23:07:23.847+05:30  INFO 22612 --- [News Aggregation Portal] [main] o.h.e.t.j.p.i.JtaPlatformInitiator       : HHH000489: No JTA platform available (set 'hibernate.transaction.jta.platform' to enable JTA platform integration)
2025-07-07T23:07:23.850+05:30  INFO 22612 --- [News Aggregation Portal] [main] j.LocalContainerEntityManagerFactoryBean : Initialized JPA EntityManagerFactory for persistence unit 'default'
2025-07-07T23:07:24.199+05:30  INFO 22612 --- [News Aggregation Portal] [main] o.s.d.j.r.query.QueryEnhancerFactory     : Hibernate is in classpath; If applicable, HQL parser will be used.
2025-07-07T23:07:25.682+05:30  WARN 22612 --- [News Aggregation Portal] [main] JpaBaseConfiguration$JpaWebConfiguration : spring.jpa.open-in-view is enabled by default. Therefore, database queries may be performed during view rendering. Explicitly configure spring.jpa.open-in-view to disable this warning
2025-07-07T23:07:25.725+05:30  WARN 22612 --- [News Aggregation Portal] [main] .s.s.UserDetailsServiceAutoConfiguration : 

Using generated security password: 7ca438c1-08ab-44ca-8413-e45ecd95cb0d

This generated password is for development use only. Your security configuration must be updated before running your application in production.

2025-07-07T23:07:25.735+05:30  INFO 22612 --- [News Aggregation Portal] [main] r$InitializeUserDetailsManagerConfigurer : Global AuthenticationManager configured with UserDetailsService bean with name inMemoryUserDetailsManager
2025-07-07T23:07:26.472+05:30  INFO 22612 --- [News Aggregation Portal] [main] .n.NewsAggregationPortalApplicationTests : Started NewsAggregationPortalApplicationTests in 6.141 seconds (process running for 9.171)
2025-07-07T23:07:26.827+05:30  INFO 22612 --- [News Aggregation Portal] [SpringApplicationShutdownHook] j.LocalContainerEntityManagerFactoryBean : Closing JPA EntityManagerFactory for persistence unit 'default'
2025-07-07T23:07:26.831+05:30  INFO 22612 --- [News Aggregation Portal] [SpringApplicationShutdownHook] com.zaxxer.hikari.HikariDataSource       : HikariPool-1 - Shutdown initiated...
2025-07-07T23:07:26.845+05:30  INFO 22612 --- [News Aggregation Portal] [SpringApplicationShutdownHook] com.zaxxer.hikari.HikariDataSource       : HikariPool-1 - Shutdown completed.
2025-07-07T23:07:32.745+05:30  INFO 24636 --- [News Aggregation Portal] [main] c.i.n.NewsAggregationPortalApplication   : Starting NewsAggregationPortalApplication using Java 21.0.3 with PID 24636 (D:\Learn and Code\newsportal\target\classes started by sohan.lal in D:\Learn and Code\newsportal)
2025-07-07T23:07:32.748+05:30 DEBUG 24636 --- [News Aggregation Portal] [main] c.i.n.NewsAggregationPortalApplication   : Running with Spring Boot v3.5.0, Spring v6.2.7
2025-07-07T23:07:32.749+05:30  INFO 24636 --- [News Aggregation Portal] [main] c.i.n.NewsAggregationPortalApplication   : No active profile set, falling back to 1 default profile: "default"
2025-07-07T23:07:34.038+05:30  INFO 24636 --- [News Aggregation Portal] [main] .s.d.r.c.RepositoryConfigurationDelegate : Bootstrapping Spring Data JPA repositories in DEFAULT mode.
2025-07-07T23:07:34.297+05:30  INFO 24636 --- [News Aggregation Portal] [main] .s.d.r.c.RepositoryConfigurationDelegate : Finished Spring Data repository scanning in 240 ms. Found 13 JPA repository interfaces.
2025-07-07T23:07:35.199+05:30  INFO 24636 --- [News Aggregation Portal] [main] o.s.b.w.embedded.tomcat.TomcatWebServer  : Tomcat initialized with port 8080 (http)
2025-07-07T23:07:35.217+05:30  INFO 24636 --- [News Aggregation Portal] [main] o.apache.catalina.core.StandardService   : Starting service [Tomcat]
2025-07-07T23:07:35.218+05:30  INFO 24636 --- [News Aggregation Portal] [main] o.apache.catalina.core.StandardEngine    : Starting Servlet engine: [Apache Tomcat/10.1.41]
2025-07-07T23:07:35.328+05:30  INFO 24636 --- [News Aggregation Portal] [main] o.a.c.c.C.[Tomcat].[localhost].[/]       : Initializing Spring embedded WebApplicationContext
2025-07-07T23:07:35.329+05:30  INFO 24636 --- [News Aggregation Portal] [main] w.s.c.ServletWebServerApplicationContext : Root WebApplicationContext: initialization completed in 2511 ms
2025-07-07T23:07:35.594+05:30  INFO 24636 --- [News Aggregation Portal] [main] com.zaxxer.hikari.HikariDataSource       : HikariPool-1 - Starting...
2025-07-07T23:07:36.179+05:30  INFO 24636 --- [News Aggregation Portal] [main] com.zaxxer.hikari.pool.HikariPool        : HikariPool-1 - Added connection com.mysql.cj.jdbc.ConnectionImpl@76563ae7
2025-07-07T23:07:36.183+05:30  INFO 24636 --- [News Aggregation Portal] [main] com.zaxxer.hikari.HikariDataSource       : HikariPool-1 - Start completed.
2025-07-07T23:07:36.254+05:30  INFO 24636 --- [News Aggregation Portal] [main] o.hibernate.jpa.internal.util.LogHelper  : HHH000204: Processing PersistenceUnitInfo [name: default]
2025-07-07T23:07:36.340+05:30  INFO 24636 --- [News Aggregation Portal] [main] org.hibernate.Version                    : HHH000412: Hibernate ORM core version 6.6.15.Final
2025-07-07T23:07:36.381+05:30  INFO 24636 --- [News Aggregation Portal] [main] o.h.c.internal.RegionFactoryInitiator    : HHH000026: Second-level cache disabled
2025-07-07T23:07:36.784+05:30  INFO 24636 --- [News Aggregation Portal] [main] o.s.o.j.p.SpringPersistenceUnitInfo      : No LoadTimeWeaver setup: ignoring JPA class transformer
2025-07-07T23:07:36.924+05:30  INFO 24636 --- [News Aggregation Portal] [main] org.hibernate.orm.connections.pooling    : HHH10001005: Database info:
	Database JDBC URL [Connecting through datasource 'HikariDataSource (HikariPool-1)']
	Database driver: undefined/unknown
	Database version: 8.0.39
	Autocommit mode: undefined/unknown
	Isolation level: undefined/unknown
	Minimum pool size: undefined/unknown
	Maximum pool size: undefined/unknown
2025-07-07T23:07:38.049+05:30  INFO 24636 --- [News Aggregation Portal] [main] o.h.e.t.j.p.i.JtaPlatformInitiator       : HHH000489: No JTA platform available (set 'hibernate.transaction.jta.platform' to enable JTA platform integration)
2025-07-07T23:07:38.052+05:30  INFO 24636 --- [News Aggregation Portal] [main] j.LocalContainerEntityManagerFactoryBean : Initialized JPA EntityManagerFactory for persistence unit 'default'
2025-07-07T23:07:38.518+05:30  INFO 24636 --- [News Aggregation Portal] [main] o.s.d.j.r.query.QueryEnhancerFactory     : Hibernate is in classpath; If applicable, HQL parser will be used.
2025-07-07T23:07:39.878+05:30  WARN 24636 --- [News Aggregation Portal] [main] JpaBaseConfiguration$JpaWebConfiguration : spring.jpa.open-in-view is enabled by default. Therefore, database queries may be performed during view rendering. Explicitly configure spring.jpa.open-in-view to disable this warning
2025-07-07T23:07:39.914+05:30  WARN 24636 --- [News Aggregation Portal] [main] .s.s.UserDetailsServiceAutoConfiguration : 

Using generated security password: 2b82d036-8693-4b45-975b-f2bf3e28ad01

This generated password is for development use only. Your security configuration must be updated before running your application in production.

2025-07-07T23:07:39.924+05:30  INFO 24636 --- [News Aggregation Portal] [main] r$InitializeUserDetailsManagerConfigurer : Global AuthenticationManager configured with UserDetailsService bean with name inMemoryUserDetailsManager
2025-07-07T23:07:40.573+05:30  INFO 24636 --- [News Aggregation Portal] [main] o.s.b.w.embedded.tomcat.TomcatWebServer  : Tomcat started on port 8080 (http) with context path '/'
2025-07-07T23:07:40.584+05:30  INFO 24636 --- [News Aggregation Portal] [main] c.i.n.NewsAggregationPortalApplication   : Started NewsAggregationPortalApplication in 8.436 seconds (process running for 8.924)
2025-07-07T23:12:54.206+05:30  INFO 24636 --- [News Aggregation Portal] [SpringApplicationShutdownHook] o.s.b.w.e.tomcat.GracefulShutdown        : Commencing graceful shutdown. Waiting for active requests to complete
2025-07-07T23:12:54.210+05:30  INFO 24636 --- [News Aggregation Portal] [tomcat-shutdown] o.s.b.w.e.tomcat.GracefulShutdown        : Graceful shutdown complete
2025-07-07T23:12:54.214+05:30  INFO 24636 --- [News Aggregation Portal] [SpringApplicationShutdownHook] j.LocalContainerEntityManagerFactoryBean : Closing JPA EntityManagerFactory for persistence unit 'default'
2025-07-07T23:12:54.217+05:30  INFO 24636 --- [News Aggregation Portal] [SpringApplicationShutdownHook] com.zaxxer.hikari.HikariDataSource       : HikariPool-1 - Shutdown initiated...
2025-07-07T23:12:54.224+05:30  INFO 24636 --- [News Aggregation Portal] [SpringApplicationShutdownHook] com.zaxxer.hikari.HikariDataSource       : HikariPool-1 - Shutdown completed.
2025-07-07T23:13:14.082+05:30  INFO 17320 --- [News Aggregation Portal] [main] c.i.n.NewsAggregationPortalApplication   : Starting NewsAggregationPortalApplication using Java 21.0.3 with PID 17320 (D:\Learn and Code\newsportal\target\classes started by sohan.lal in D:\Learn and Code\newsportal)
2025-07-07T23:13:14.084+05:30 DEBUG 17320 --- [News Aggregation Portal] [main] c.i.n.NewsAggregationPortalApplication   : Running with Spring Boot v3.5.0, Spring v6.2.7
2025-07-07T23:13:14.085+05:30  INFO 17320 --- [News Aggregation Portal] [main] c.i.n.NewsAggregationPortalApplication   : No active profile set, falling back to 1 default profile: "default"
2025-07-07T23:13:15.143+05:30  INFO 17320 --- [News Aggregation Portal] [main] .s.d.r.c.RepositoryConfigurationDelegate : Bootstrapping Spring Data JPA repositories in DEFAULT mode.
2025-07-07T23:13:15.334+05:30  INFO 17320 --- [News Aggregation Portal] [main] .s.d.r.c.RepositoryConfigurationDelegate : Finished Spring Data repository scanning in 178 ms. Found 13 JPA repository interfaces.
2025-07-07T23:13:15.987+05:30  INFO 17320 --- [News Aggregation Portal] [main] o.s.b.w.embedded.tomcat.TomcatWebServer  : Tomcat initialized with port 8080 (http)
2025-07-07T23:13:16.004+05:30  INFO 17320 --- [News Aggregation Portal] [main] o.apache.catalina.core.StandardService   : Starting service [Tomcat]
2025-07-07T23:13:16.004+05:30  INFO 17320 --- [News Aggregation Portal] [main] o.apache.catalina.core.StandardEngine    : Starting Servlet engine: [Apache Tomcat/10.1.41]
2025-07-07T23:13:16.065+05:30  INFO 17320 --- [News Aggregation Portal] [main] o.a.c.c.C.[Tomcat].[localhost].[/]       : Initializing Spring embedded WebApplicationContext
2025-07-07T23:13:16.066+05:30  INFO 17320 --- [News Aggregation Portal] [main] w.s.c.ServletWebServerApplicationContext : Root WebApplicationContext: initialization completed in 1933 ms
2025-07-07T23:13:16.308+05:30  INFO 17320 --- [News Aggregation Portal] [main] com.zaxxer.hikari.HikariDataSource       : HikariPool-1 - Starting...
2025-07-07T23:13:16.689+05:30  INFO 17320 --- [News Aggregation Portal] [main] com.zaxxer.hikari.pool.HikariPool        : HikariPool-1 - Added connection com.mysql.cj.jdbc.ConnectionImpl@4137aab0
2025-07-07T23:13:16.690+05:30  INFO 17320 --- [News Aggregation Portal] [main] com.zaxxer.hikari.HikariDataSource       : HikariPool-1 - Start completed.
2025-07-07T23:13:16.737+05:30  INFO 17320 --- [News Aggregation Portal] [main] o.hibernate.jpa.internal.util.LogHelper  : HHH000204: Processing PersistenceUnitInfo [name: default]
2025-07-07T23:13:16.779+05:30  INFO 17320 --- [News Aggregation Portal] [main] org.hibernate.Version                    : HHH000412: Hibernate ORM core version 6.6.15.Final
2025-07-07T23:13:16.810+05:30  INFO 17320 --- [News Aggregation Portal] [main] o.h.c.internal.RegionFactoryInitiator    : HHH000026: Second-level cache disabled
2025-07-07T23:13:17.130+05:30  INFO 17320 --- [News Aggregation Portal] [main] o.s.o.j.p.SpringPersistenceUnitInfo      : No LoadTimeWeaver setup: ignoring JPA class transformer
2025-07-07T23:13:17.247+05:30  INFO 17320 --- [News Aggregation Portal] [main] org.hibernate.orm.connections.pooling    : HHH10001005: Database info:
	Database JDBC URL [Connecting through datasource 'HikariDataSource (HikariPool-1)']
	Database driver: undefined/unknown
	Database version: 8.0.39
	Autocommit mode: undefined/unknown
	Isolation level: undefined/unknown
	Minimum pool size: undefined/unknown
	Maximum pool size: undefined/unknown
2025-07-07T23:13:18.141+05:30  INFO 17320 --- [News Aggregation Portal] [main] o.h.e.t.j.p.i.JtaPlatformInitiator       : HHH000489: No JTA platform available (set 'hibernate.transaction.jta.platform' to enable JTA platform integration)
2025-07-07T23:13:18.143+05:30  INFO 17320 --- [News Aggregation Portal] [main] j.LocalContainerEntityManagerFactoryBean : Initialized JPA EntityManagerFactory for persistence unit 'default'
2025-07-07T23:13:18.556+05:30  INFO 17320 --- [News Aggregation Portal] [main] o.s.d.j.r.query.QueryEnhancerFactory     : Hibernate is in classpath; If applicable, HQL parser will be used.
2025-07-07T23:13:19.888+05:30  WARN 17320 --- [News Aggregation Portal] [main] JpaBaseConfiguration$JpaWebConfiguration : spring.jpa.open-in-view is enabled by default. Therefore, database queries may be performed during view rendering. Explicitly configure spring.jpa.open-in-view to disable this warning
2025-07-07T23:13:19.928+05:30  WARN 17320 --- [News Aggregation Portal] [main] .s.s.UserDetailsServiceAutoConfiguration : 

Using generated security password: 4ecaafbd-db97-452e-ba5d-54fb59f6ba4a

This generated password is for development use only. Your security configuration must be updated before running your application in production.

2025-07-07T23:13:19.944+05:30  INFO 17320 --- [News Aggregation Portal] [main] r$InitializeUserDetailsManagerConfigurer : Global AuthenticationManager configured with UserDetailsService bean with name inMemoryUserDetailsManager
2025-07-07T23:13:20.598+05:30  INFO 17320 --- [News Aggregation Portal] [main] o.s.b.w.embedded.tomcat.TomcatWebServer  : Tomcat started on port 8080 (http) with context path '/'
2025-07-07T23:13:20.610+05:30  INFO 17320 --- [News Aggregation Portal] [main] c.i.n.NewsAggregationPortalApplication   : Started NewsAggregationPortalApplication in 7.11 seconds (process running for 7.621)
2025-07-07T23:14:29.723+05:30  INFO 17320 --- [News Aggregation Portal] [SpringApplicationShutdownHook] o.s.b.w.e.tomcat.GracefulShutdown        : Commencing graceful shutdown. Waiting for active requests to complete
2025-07-07T23:14:29.726+05:30  INFO 17320 --- [News Aggregation Portal] [tomcat-shutdown] o.s.b.w.e.tomcat.GracefulShutdown        : Graceful shutdown complete
2025-07-07T23:14:29.731+05:30  INFO 17320 --- [News Aggregation Portal] [SpringApplicationShutdownHook] j.LocalContainerEntityManagerFactoryBean : Closing JPA EntityManagerFactory for persistence unit 'default'
2025-07-07T23:14:29.732+05:30  INFO 17320 --- [News Aggregation Portal] [SpringApplicationShutdownHook] com.zaxxer.hikari.HikariDataSource       : HikariPool-1 - Shutdown initiated...
2025-07-07T23:14:29.739+05:30  INFO 17320 --- [News Aggregation Portal] [SpringApplicationShutdownHook] com.zaxxer.hikari.HikariDataSource       : HikariPool-1 - Shutdown completed.
